E402 Module level import not at top of file
  --> ClassicLib\FileIO\__init__.py:22:1
   |
20 |       FileIOCore as FileIOCore,
21 |   )
22 | / from ClassicLib.io.files import (
23 | |     append_file_sync as append_file_sync,
24 | | )
   | |_^
25 |   from ClassicLib.io.files import (
26 |       cached_path_conversion as cached_path_conversion,
   |

E402 Module level import not at top of file
  --> ClassicLib\FileIO\__init__.py:25:1
   |
23 |       append_file_sync as append_file_sync,
24 |   )
25 | / from ClassicLib.io.files import (
26 | |     cached_path_conversion as cached_path_conversion,
27 | | )
   | |_^
28 |   from ClassicLib.io.files import (
29 |       ensure_path as ensure_path,
   |

E402 Module level import not at top of file
  --> ClassicLib\FileIO\__init__.py:28:1
   |
26 |       cached_path_conversion as cached_path_conversion,
27 |   )
28 | / from ClassicLib.io.files import (
29 | |     ensure_path as ensure_path,
30 | | )
   | |_^
31 |   from ClassicLib.io.files import (
32 |       read_bytes_sync as read_bytes_sync,
   |

E402 Module level import not at top of file
  --> ClassicLib\FileIO\__init__.py:31:1
   |
29 |       ensure_path as ensure_path,
30 |   )
31 | / from ClassicLib.io.files import (
32 | |     read_bytes_sync as read_bytes_sync,
33 | | )
   | |_^
34 |   from ClassicLib.io.files import (
35 |       read_crash_log_sync as read_crash_log_sync,
   |

E402 Module level import not at top of file
  --> ClassicLib\FileIO\__init__.py:34:1
   |
32 |       read_bytes_sync as read_bytes_sync,
33 |   )
34 | / from ClassicLib.io.files import (
35 | |     read_crash_log_sync as read_crash_log_sync,
36 | | )
   | |_^
37 |   from ClassicLib.io.files import (
38 |       read_file_sync as read_file_sync,
   |

E402 Module level import not at top of file
  --> ClassicLib\FileIO\__init__.py:37:1
   |
35 |       read_crash_log_sync as read_crash_log_sync,
36 |   )
37 | / from ClassicLib.io.files import (
38 | |     read_file_sync as read_file_sync,
39 | | )
   | |_^
40 |   from ClassicLib.io.files import (
41 |       read_lines_sync as read_lines_sync,
   |

E402 Module level import not at top of file
  --> ClassicLib\FileIO\__init__.py:40:1
   |
38 |       read_file_sync as read_file_sync,
39 |   )
40 | / from ClassicLib.io.files import (
41 | |     read_lines_sync as read_lines_sync,
42 | | )
   | |_^
43 |   from ClassicLib.io.files import (
44 |       stream_lines_sync as stream_lines_sync,
   |

E402 Module level import not at top of file
  --> ClassicLib\FileIO\__init__.py:43:1
   |
41 |       read_lines_sync as read_lines_sync,
42 |   )
43 | / from ClassicLib.io.files import (
44 | |     stream_lines_sync as stream_lines_sync,
45 | | )
   | |_^
46 |   from ClassicLib.io.files import (
47 |       write_bytes_sync as write_bytes_sync,
   |

E402 Module level import not at top of file
  --> ClassicLib\FileIO\__init__.py:46:1
   |
44 |       stream_lines_sync as stream_lines_sync,
45 |   )
46 | / from ClassicLib.io.files import (
47 | |     write_bytes_sync as write_bytes_sync,
48 | | )
   | |_^
49 |   from ClassicLib.io.files import (
50 |       write_crash_report_sync as write_crash_report_sync,
   |

E402 Module level import not at top of file
  --> ClassicLib\FileIO\__init__.py:49:1
   |
47 |       write_bytes_sync as write_bytes_sync,
48 |   )
49 | / from ClassicLib.io.files import (
50 | |     write_crash_report_sync as write_crash_report_sync,
51 | | )
   | |_^
52 |   from ClassicLib.io.files import (
53 |       write_file_sync as write_file_sync,
   |

E402 Module level import not at top of file
  --> ClassicLib\FileIO\__init__.py:52:1
   |
50 |       write_crash_report_sync as write_crash_report_sync,
51 |   )
52 | / from ClassicLib.io.files import (
53 | |     write_file_sync as write_file_sync,
54 | | )
   | |_^
55 |   from ClassicLib.io.files import (
56 |       write_lines_sync as write_lines_sync,
   |

E402 Module level import not at top of file
  --> ClassicLib\FileIO\__init__.py:55:1
   |
53 |       write_file_sync as write_file_sync,
54 |   )
55 | / from ClassicLib.io.files import (
56 | |     write_lines_sync as write_lines_sync,
57 | | )
   | |_^
   |

E402 Module level import not at top of file
  --> ClassicLib\ScanGame\__init__.py:22:1
   |
20 |       ALL_ADDRESS_LIB_INFO as ALL_ADDRESS_LIB_INFO,
21 |   )
22 | / from ClassicLib.scanning.game import (
23 | |     AddressLibVersionInfo as AddressLibVersionInfo,
24 | | )
   | |_^
25 |   from ClassicLib.scanning.game import (
26 |       ConfigFile as ConfigFile,
   |

E402 Module level import not at top of file
  --> ClassicLib\ScanGame\__init__.py:25:1
   |
23 |       AddressLibVersionInfo as AddressLibVersionInfo,
24 |   )
25 | / from ClassicLib.scanning.game import (
26 | |     ConfigFile as ConfigFile,
27 | | )
   | |_^
28 |   from ClassicLib.scanning.game import (
29 |       ConfigFileCache as ConfigFileCache,
   |

E402 Module level import not at top of file
  --> ClassicLib\ScanGame\__init__.py:28:1
   |
26 |       ConfigFile as ConfigFile,
27 |   )
28 | / from ClassicLib.scanning.game import (
29 | |     ConfigFileCache as ConfigFileCache,
30 | | )
   | |_^
31 |   from ClassicLib.scanning.game import (
32 |       CrashgenChecker as CrashgenChecker,
   |

E402 Module level import not at top of file
  --> ClassicLib\ScanGame\__init__.py:31:1
   |
29 |       ConfigFileCache as ConfigFileCache,
30 |   )
31 | / from ClassicLib.scanning.game import (
32 | |     CrashgenChecker as CrashgenChecker,
33 | | )
   | |_^
34 |   from ClassicLib.scanning.game import (
35 |       ScanGameCore as ScanGameCore,
   |

E402 Module level import not at top of file
  --> ClassicLib\ScanGame\__init__.py:34:1
   |
32 |       CrashgenChecker as CrashgenChecker,
33 |   )
34 | / from ClassicLib.scanning.game import (
35 | |     ScanGameCore as ScanGameCore,
36 | | )
   | |_^
37 |   from ClassicLib.scanning.game import (
38 |       check_crashgen_settings as check_crashgen_settings,
   |

E402 Module level import not at top of file
  --> ClassicLib\ScanGame\__init__.py:37:1
   |
35 |       ScanGameCore as ScanGameCore,
36 |   )
37 | / from ClassicLib.scanning.game import (
38 | |     check_crashgen_settings as check_crashgen_settings,
39 | | )
   | |_^
40 |   from ClassicLib.scanning.game import (
41 |       check_duplicate_files as check_duplicate_files,
   |

E402 Module level import not at top of file
  --> ClassicLib\ScanGame\__init__.py:40:1
   |
38 |       check_crashgen_settings as check_crashgen_settings,
39 |   )
40 | / from ClassicLib.scanning.game import (
41 | |     check_duplicate_files as check_duplicate_files,
42 | | )
   | |_^
43 |   from ClassicLib.scanning.game import (
44 |       check_starting_console_command as check_starting_console_command,
   |

E402 Module level import not at top of file
  --> ClassicLib\ScanGame\__init__.py:43:1
   |
41 |       check_duplicate_files as check_duplicate_files,
42 |   )
43 | / from ClassicLib.scanning.game import (
44 | |     check_starting_console_command as check_starting_console_command,
45 | | )
   | |_^
46 |   from ClassicLib.scanning.game import (
47 |       check_vsync_settings as check_vsync_settings,
   |

E402 Module level import not at top of file
  --> ClassicLib\ScanGame\__init__.py:46:1
   |
44 |       check_starting_console_command as check_starting_console_command,
45 |   )
46 | / from ClassicLib.scanning.game import (
47 | |     check_vsync_settings as check_vsync_settings,
48 | | )
   | |_^
49 |   from ClassicLib.scanning.game import (
50 |       check_xse_plugins as check_xse_plugins,
   |

E402 Module level import not at top of file
  --> ClassicLib\ScanGame\__init__.py:49:1
   |
47 |       check_vsync_settings as check_vsync_settings,
48 |   )
49 | / from ClassicLib.scanning.game import (
50 | |     check_xse_plugins as check_xse_plugins,
51 | | )
   | |_^
52 |   from ClassicLib.scanning.game import (
53 |       compare_ini_files as compare_ini_files,
   |

E402 Module level import not at top of file
  --> ClassicLib\ScanGame\__init__.py:52:1
   |
50 |       check_xse_plugins as check_xse_plugins,
51 |   )
52 | / from ClassicLib.scanning.game import (
53 | |     compare_ini_files as compare_ini_files,
54 | | )
   | |_^
55 |   from ClassicLib.scanning.game import (
56 |       detect_all_ini_issues_async as detect_all_ini_issues_async,
   |

E402 Module level import not at top of file
  --> ClassicLib\ScanGame\__init__.py:55:1
   |
53 |       compare_ini_files as compare_ini_files,
54 |   )
55 | / from ClassicLib.scanning.game import (
56 | |     detect_all_ini_issues_async as detect_all_ini_issues_async,
57 | | )
   | |_^
58 |   from ClassicLib.scanning.game import (
59 |       detect_ini_issue_async as detect_ini_issue_async,
   |

E402 Module level import not at top of file
  --> ClassicLib\ScanGame\__init__.py:58:1
   |
56 |       detect_all_ini_issues_async as detect_all_ini_issues_async,
57 |   )
58 | / from ClassicLib.scanning.game import (
59 | |     detect_ini_issue_async as detect_ini_issue_async,
60 | | )
   | |_^
61 |   from ClassicLib.scanning.game import (
62 |       extract_plugins_from_section as extract_plugins_from_section,
   |

E402 Module level import not at top of file
  --> ClassicLib\ScanGame\__init__.py:61:1
   |
59 |       detect_ini_issue_async as detect_ini_issue_async,
60 |   )
61 | / from ClassicLib.scanning.game import (
62 | |     extract_plugins_from_section as extract_plugins_from_section,
63 | | )
   | |_^
64 |   from ClassicLib.scanning.game import (
65 |       format_section_header as format_section_header,
   |

E402 Module level import not at top of file
  --> ClassicLib\ScanGame\__init__.py:64:1
   |
62 |       extract_plugins_from_section as extract_plugins_from_section,
63 |   )
64 | / from ClassicLib.scanning.game import (
65 | |     format_section_header as format_section_header,
66 | | )
   | |_^
67 |   from ClassicLib.scanning.game import (
68 |       generate_game_combined_result as generate_game_combined_result,
   |

E402 Module level import not at top of file
  --> ClassicLib\ScanGame\__init__.py:67:1
   |
65 |       format_section_header as format_section_header,
66 |   )
67 | / from ClassicLib.scanning.game import (
68 | |     generate_game_combined_result as generate_game_combined_result,
69 | | )
   | |_^
70 |   from ClassicLib.scanning.game import (
71 |       generate_game_combined_result_async as generate_game_combined_result_async,
   |

E402 Module level import not at top of file
  --> ClassicLib\ScanGame\__init__.py:70:1
   |
68 |       generate_game_combined_result as generate_game_combined_result,
69 |   )
70 | / from ClassicLib.scanning.game import (
71 | |     generate_game_combined_result_async as generate_game_combined_result_async,
72 | | )
   | |_^
73 |   from ClassicLib.scanning.game import (
74 |       generate_mods_combined_result as generate_mods_combined_result,
   |

E402 Module level import not at top of file
  --> ClassicLib\ScanGame\__init__.py:73:1
   |
71 |       generate_game_combined_result_async as generate_game_combined_result_async,
72 |   )
73 | / from ClassicLib.scanning.game import (
74 | |     generate_mods_combined_result as generate_mods_combined_result,
75 | | )
   | |_^
76 |   from ClassicLib.scanning.game import (
77 |       generate_mods_combined_result_async as generate_mods_combined_result_async,
   |

E402 Module level import not at top of file
  --> ClassicLib\ScanGame\__init__.py:76:1
   |
74 |       generate_mods_combined_result as generate_mods_combined_result,
75 |   )
76 | / from ClassicLib.scanning.game import (
77 | |     generate_mods_combined_result_async as generate_mods_combined_result_async,
78 | | )
   | |_^
79 |   from ClassicLib.scanning.game import (
80 |       get_game_files_manager_core as get_game_files_manager_core,
   |

E402 Module level import not at top of file
  --> ClassicLib\ScanGame\__init__.py:79:1
   |
77 |       generate_mods_combined_result_async as generate_mods_combined_result_async,
78 |   )
79 | / from ClassicLib.scanning.game import (
80 | |     get_game_files_manager_core as get_game_files_manager_core,
81 | | )
   | |_^
82 |   from ClassicLib.scanning.game import (
83 |       get_game_integrity_orchestrator_core as get_game_integrity_orchestrator_core,
   |

E402 Module level import not at top of file
  --> ClassicLib\ScanGame\__init__.py:82:1
   |
80 |       get_game_files_manager_core as get_game_files_manager_core,
81 |   )
82 | / from ClassicLib.scanning.game import (
83 | |     get_game_integrity_orchestrator_core as get_game_integrity_orchestrator_core,
84 | | )
   | |_^
85 |   from ClassicLib.scanning.game import (
86 |       manage_game_files as manage_game_files,
   |

E402 Module level import not at top of file
  --> ClassicLib\ScanGame\__init__.py:85:1
   |
83 |       get_game_integrity_orchestrator_core as get_game_integrity_orchestrator_core,
84 |   )
85 | / from ClassicLib.scanning.game import (
86 | |     manage_game_files as manage_game_files,
87 | | )
   | |_^
88 |   from ClassicLib.scanning.game import (
89 |       manage_game_files_async as manage_game_files_async,
   |

E402 Module level import not at top of file
  --> ClassicLib\ScanGame\__init__.py:88:1
   |
86 |       manage_game_files as manage_game_files,
87 |   )
88 | / from ClassicLib.scanning.game import (
89 | |     manage_game_files_async as manage_game_files_async,
90 | | )
   | |_^
91 |   from ClassicLib.scanning.game import (
92 |       mod_toml_config as mod_toml_config,
   |

E402 Module level import not at top of file
  --> ClassicLib\ScanGame\__init__.py:91:1
   |
89 |       manage_game_files_async as manage_game_files_async,
90 |   )
91 | / from ClassicLib.scanning.game import (
92 | |     mod_toml_config as mod_toml_config,
93 | | )
   | |_^
94 |   from ClassicLib.scanning.game import (
95 |       parse_wrye_report as parse_wrye_report,
   |

E402 Module level import not at top of file
  --> ClassicLib\ScanGame\__init__.py:94:1
   |
92 |       mod_toml_config as mod_toml_config,
93 |   )
94 | / from ClassicLib.scanning.game import (
95 | |     parse_wrye_report as parse_wrye_report,
96 | | )
   | |_^
97 |   from ClassicLib.scanning.game import (
98 |       scan_mod_inis as scan_mod_inis,
   |

E402 Module level import not at top of file
   --> ClassicLib\ScanGame\__init__.py:97:1
    |
 95 |       parse_wrye_report as parse_wrye_report,
 96 |   )
 97 | / from ClassicLib.scanning.game import (
 98 | |     scan_mod_inis as scan_mod_inis,
 99 | | )
    | |_^
100 |   from ClassicLib.scanning.game import (
101 |       scan_wryecheck as scan_wryecheck,
    |

E402 Module level import not at top of file
   --> ClassicLib\ScanGame\__init__.py:100:1
    |
 98 |       scan_mod_inis as scan_mod_inis,
 99 |   )
100 | / from ClassicLib.scanning.game import (
101 | |     scan_wryecheck as scan_wryecheck,
102 | | )
    | |_^
103 |   from ClassicLib.scanning.game import (
104 |       write_combined_results as write_combined_results,
    |

E402 Module level import not at top of file
   --> ClassicLib\ScanGame\__init__.py:103:1
    |
101 |       scan_wryecheck as scan_wryecheck,
102 |   )
103 | / from ClassicLib.scanning.game import (
104 | |     write_combined_results as write_combined_results,
105 | | )
    | |_^
106 |   from ClassicLib.scanning.game import (
107 |       write_combined_results_async as write_combined_results_async,
    |

E402 Module level import not at top of file
   --> ClassicLib\ScanGame\__init__.py:106:1
    |
104 |       write_combined_results as write_combined_results,
105 |   )
106 | / from ClassicLib.scanning.game import (
107 | |     write_combined_results_async as write_combined_results_async,
108 | | )
    | |_^
    |

E402 Module level import not at top of file
  --> ClassicLib\ScanLog\__init__.py:22:1
   |
20 |       AsyncCrashLogPipeline as AsyncCrashLogPipeline,
21 |   )
22 | / from ClassicLib.scanning.logs import (
23 | |     AsyncDatabasePool as AsyncDatabasePool,
24 | | )
   | |_^
25 |   from ClassicLib.scanning.logs import (
26 |       ClassicScanLogs as ClassicScanLogs,
   |

E402 Module level import not at top of file
  --> ClassicLib\ScanLog\__init__.py:25:1
   |
23 |       AsyncDatabasePool as AsyncDatabasePool,
24 |   )
25 | / from ClassicLib.scanning.logs import (
26 | |     ClassicScanLogs as ClassicScanLogs,
27 | | )
   | |_^
28 |   from ClassicLib.scanning.logs import (
29 |       ClassicScanLogsInfo as ClassicScanLogsInfo,
   |

E402 Module level import not at top of file
  --> ClassicLib\ScanLog\__init__.py:28:1
   |
26 |       ClassicScanLogs as ClassicScanLogs,
27 |   )
28 | / from ClassicLib.scanning.logs import (
29 | |     ClassicScanLogsInfo as ClassicScanLogsInfo,
30 | | )
   | |_^
31 |   from ClassicLib.scanning.logs import (
32 |       ConditionalSection as ConditionalSection,
   |

E402 Module level import not at top of file
  --> ClassicLib\ScanLog\__init__.py:31:1
   |
29 |       ClassicScanLogsInfo as ClassicScanLogsInfo,
30 |   )
31 | / from ClassicLib.scanning.logs import (
32 | |     ConditionalSection as ConditionalSection,
33 | | )
   | |_^
34 |   from ClassicLib.scanning.logs import (
35 |       FCXModeHandler as FCXModeHandler,
   |

E402 Module level import not at top of file
  --> ClassicLib\ScanLog\__init__.py:34:1
   |
32 |       ConditionalSection as ConditionalSection,
33 |   )
34 | / from ClassicLib.scanning.logs import (
35 | |     FCXModeHandler as FCXModeHandler,
36 | | )
   | |_^
37 |   from ClassicLib.scanning.logs import (
38 |       FormIDAnalyzer as FormIDAnalyzer,
   |

E402 Module level import not at top of file
  --> ClassicLib\ScanLog\__init__.py:37:1
   |
35 |       FCXModeHandler as FCXModeHandler,
36 |   )
37 | / from ClassicLib.scanning.logs import (
38 | |     FormIDAnalyzer as FormIDAnalyzer,
39 | | )
   | |_^
40 |   from ClassicLib.scanning.logs import (
41 |       FormIDAnalyzerCore as FormIDAnalyzerCore,
   |

E402 Module level import not at top of file
  --> ClassicLib\ScanLog\__init__.py:40:1
   |
38 |       FormIDAnalyzer as FormIDAnalyzer,
39 |   )
40 | / from ClassicLib.scanning.logs import (
41 | |     FormIDAnalyzerCore as FormIDAnalyzerCore,
42 | | )
   | |_^
43 |   from ClassicLib.scanning.logs import (
44 |       HybridOrchestrator as HybridOrchestrator,
   |

E402 Module level import not at top of file
  --> ClassicLib\ScanLog\__init__.py:43:1
   |
41 |       FormIDAnalyzerCore as FormIDAnalyzerCore,
42 |   )
43 | / from ClassicLib.scanning.logs import (
44 | |     HybridOrchestrator as HybridOrchestrator,
45 | | )
   | |_^
46 |   from ClassicLib.scanning.logs import (
47 |       OrchestratorCore as OrchestratorCore,
   |

E402 Module level import not at top of file
  --> ClassicLib\ScanLog\__init__.py:46:1
   |
44 |       HybridOrchestrator as HybridOrchestrator,
45 |   )
46 | / from ClassicLib.scanning.logs import (
47 | |     OrchestratorCore as OrchestratorCore,
48 | | )
   | |_^
49 |   from ClassicLib.scanning.logs import (
50 |       PluginAnalyzer as PluginAnalyzer,
   |

E402 Module level import not at top of file
  --> ClassicLib\ScanLog\__init__.py:49:1
   |
47 |       OrchestratorCore as OrchestratorCore,
48 |   )
49 | / from ClassicLib.scanning.logs import (
50 | |     PluginAnalyzer as PluginAnalyzer,
51 | | )
   | |_^
52 |   from ClassicLib.scanning.logs import (
53 |       RecordScanner as RecordScanner,
   |

E402 Module level import not at top of file
  --> ClassicLib\ScanLog\__init__.py:52:1
   |
50 |       PluginAnalyzer as PluginAnalyzer,
51 |   )
52 | / from ClassicLib.scanning.logs import (
53 | |     RecordScanner as RecordScanner,
54 | | )
   | |_^
55 |   from ClassicLib.scanning.logs import (
56 |       ReportComposer as ReportComposer,
   |

E402 Module level import not at top of file
  --> ClassicLib\ScanLog\__init__.py:55:1
   |
53 |       RecordScanner as RecordScanner,
54 |   )
55 | / from ClassicLib.scanning.logs import (
56 | |     ReportComposer as ReportComposer,
57 | | )
   | |_^
58 |   from ClassicLib.scanning.logs import (
59 |       ReportFragment as ReportFragment,
   |

E402 Module level import not at top of file
  --> ClassicLib\ScanLog\__init__.py:58:1
   |
56 |       ReportComposer as ReportComposer,
57 |   )
58 | / from ClassicLib.scanning.logs import (
59 | |     ReportFragment as ReportFragment,
60 | | )
   | |_^
61 |   from ClassicLib.scanning.logs import (
62 |       ReportGenerator as ReportGenerator,
   |

E402 Module level import not at top of file
  --> ClassicLib\ScanLog\__init__.py:61:1
   |
59 |       ReportFragment as ReportFragment,
60 |   )
61 | / from ClassicLib.scanning.logs import (
62 | |     ReportGenerator as ReportGenerator,
63 | | )
   | |_^
64 |   from ClassicLib.scanning.logs import (
65 |       ScanConfig as ScanConfig,
   |

E402 Module level import not at top of file
  --> ClassicLib\ScanLog\__init__.py:64:1
   |
62 |       ReportGenerator as ReportGenerator,
63 |   )
64 | / from ClassicLib.scanning.logs import (
65 | |     ScanConfig as ScanConfig,
66 | | )
   | |_^
67 |   from ClassicLib.scanning.logs import (
68 |       ScanLogInfo as ScanLogInfo,
   |

E402 Module level import not at top of file
  --> ClassicLib\ScanLog\__init__.py:67:1
   |
65 |       ScanConfig as ScanConfig,
66 |   )
67 | / from ClassicLib.scanning.logs import (
68 | |     ScanLogInfo as ScanLogInfo,
69 | | )
   | |_^
70 |   from ClassicLib.scanning.logs import (
71 |       ScanLogsExecutor as ScanLogsExecutor,
   |

E402 Module level import not at top of file
  --> ClassicLib\ScanLog\__init__.py:70:1
   |
68 |       ScanLogInfo as ScanLogInfo,
69 |   )
70 | / from ClassicLib.scanning.logs import (
71 | |     ScanLogsExecutor as ScanLogsExecutor,
72 | | )
   | |_^
73 |   from ClassicLib.scanning.logs import (
74 |       ScanResult as ScanResult,
   |

E402 Module level import not at top of file
  --> ClassicLib\ScanLog\__init__.py:73:1
   |
71 |       ScanLogsExecutor as ScanLogsExecutor,
72 |   )
73 | / from ClassicLib.scanning.logs import (
74 | |     ScanResult as ScanResult,
75 | | )
   | |_^
76 |   from ClassicLib.scanning.logs import (
77 |       ScanStatistics as ScanStatistics,
   |

E402 Module level import not at top of file
  --> ClassicLib\ScanLog\__init__.py:76:1
   |
74 |       ScanResult as ScanResult,
75 |   )
76 | / from ClassicLib.scanning.logs import (
77 | |     ScanStatistics as ScanStatistics,
78 | | )
   | |_^
79 |   from ClassicLib.scanning.logs import (
80 |       SettingsScanner as SettingsScanner,
   |

E402 Module level import not at top of file
  --> ClassicLib\ScanLog\__init__.py:79:1
   |
77 |       ScanStatistics as ScanStatistics,
78 |   )
79 | / from ClassicLib.scanning.logs import (
80 | |     SettingsScanner as SettingsScanner,
81 | | )
   | |_^
82 |   from ClassicLib.scanning.logs import (
83 |       SuspectScanner as SuspectScanner,
   |

E402 Module level import not at top of file
  --> ClassicLib\ScanLog\__init__.py:82:1
   |
80 |       SettingsScanner as SettingsScanner,
81 |   )
82 | / from ClassicLib.scanning.logs import (
83 | |     SuspectScanner as SuspectScanner,
84 | | )
   | |_^
85 |   from ClassicLib.scanning.logs import (
86 |       batch_file_copy_async as batch_file_copy_async,
   |

E402 Module level import not at top of file
  --> ClassicLib\ScanLog\__init__.py:85:1
   |
83 |       SuspectScanner as SuspectScanner,
84 |   )
85 | / from ClassicLib.scanning.logs import (
86 | |     batch_file_copy_async as batch_file_copy_async,
87 | | )
   | |_^
88 |   from ClassicLib.scanning.logs import (
89 |       batch_file_move_async as batch_file_move_async,
   |

E402 Module level import not at top of file
  --> ClassicLib\ScanLog\__init__.py:88:1
   |
86 |       batch_file_copy_async as batch_file_copy_async,
87 |   )
88 | / from ClassicLib.scanning.logs import (
89 | |     batch_file_move_async as batch_file_move_async,
90 | | )
   | |_^
91 |   from ClassicLib.scanning.logs import (
92 |       complete_scan_with_summary as complete_scan_with_summary,
   |

E402 Module level import not at top of file
  --> ClassicLib\ScanLog\__init__.py:91:1
   |
89 |       batch_file_move_async as batch_file_move_async,
90 |   )
91 | / from ClassicLib.scanning.logs import (
92 | |     complete_scan_with_summary as complete_scan_with_summary,
93 | | )
   | |_^
94 |   from ClassicLib.scanning.logs import (
95 |       copy_files as copy_files,
   |

E402 Module level import not at top of file
  --> ClassicLib\ScanLog\__init__.py:94:1
   |
92 |       complete_scan_with_summary as complete_scan_with_summary,
93 |   )
94 | / from ClassicLib.scanning.logs import (
95 | |     copy_files as copy_files,
96 | | )
   | |_^
97 |   from ClassicLib.scanning.logs import (
98 |       crashlogs_get_files as crashlogs_get_files,
   |

E402 Module level import not at top of file
   --> ClassicLib\ScanLog\__init__.py:97:1
    |
 95 |       copy_files as copy_files,
 96 |   )
 97 | / from ClassicLib.scanning.logs import (
 98 | |     crashlogs_get_files as crashlogs_get_files,
 99 | | )
    | |_^
100 |   from ClassicLib.scanning.logs import (
101 |       crashlogs_reformat_async as crashlogs_reformat_async,
    |

E402 Module level import not at top of file
   --> ClassicLib\ScanLog\__init__.py:100:1
    |
 98 |       crashlogs_get_files as crashlogs_get_files,
 99 |   )
100 | / from ClassicLib.scanning.logs import (
101 | |     crashlogs_reformat_async as crashlogs_reformat_async,
102 | | )
    | |_^
103 |   from ClassicLib.scanning.logs import (
104 |       crashlogs_scan as crashlogs_scan,
    |

E402 Module level import not at top of file
   --> ClassicLib\ScanLog\__init__.py:103:1
    |
101 |       crashlogs_reformat_async as crashlogs_reformat_async,
102 |   )
103 | / from ClassicLib.scanning.logs import (
104 | |     crashlogs_scan as crashlogs_scan,
105 | | )
    | |_^
106 |   from ClassicLib.scanning.logs import (
107 |       crashlogs_scan_async_pure as crashlogs_scan_async_pure,
    |

E402 Module level import not at top of file
   --> ClassicLib\ScanLog\__init__.py:106:1
    |
104 |       crashlogs_scan as crashlogs_scan,
105 |   )
106 | / from ClassicLib.scanning.logs import (
107 | |     crashlogs_scan_async_pure as crashlogs_scan_async_pure,
108 | | )
    | |_^
109 |   from ClassicLib.scanning.logs import (
110 |       crashlogs_scan_async_pure_with_qt as crashlogs_scan_async_pure_with_qt,
    |

E402 Module level import not at top of file
   --> ClassicLib\ScanLog\__init__.py:109:1
    |
107 |       crashlogs_scan_async_pure as crashlogs_scan_async_pure,
108 |   )
109 | / from ClassicLib.scanning.logs import (
110 | |     crashlogs_scan_async_pure_with_qt as crashlogs_scan_async_pure_with_qt,
111 | | )
    | |_^
112 |   from ClassicLib.scanning.logs import (
113 |       detect_mods_double as detect_mods_double,
    |

E402 Module level import not at top of file
   --> ClassicLib\ScanLog\__init__.py:112:1
    |
110 |       crashlogs_scan_async_pure_with_qt as crashlogs_scan_async_pure_with_qt,
111 |   )
112 | / from ClassicLib.scanning.logs import (
113 | |     detect_mods_double as detect_mods_double,
114 | | )
    | |_^
115 |   from ClassicLib.scanning.logs import (
116 |       detect_mods_important as detect_mods_important,
    |

E402 Module level import not at top of file
   --> ClassicLib\ScanLog\__init__.py:115:1
    |
113 |       detect_mods_double as detect_mods_double,
114 |   )
115 | / from ClassicLib.scanning.logs import (
116 | |     detect_mods_important as detect_mods_important,
117 | | )
    | |_^
118 |   from ClassicLib.scanning.logs import (
119 |       detect_mods_single as detect_mods_single,
    |

E402 Module level import not at top of file
   --> ClassicLib\ScanLog\__init__.py:118:1
    |
116 |       detect_mods_important as detect_mods_important,
117 |   )
118 | / from ClassicLib.scanning.logs import (
119 | |     detect_mods_single as detect_mods_single,
120 | | )
    | |_^
121 |   from ClassicLib.scanning.logs import (
122 |       ensure_directory_exists as ensure_directory_exists,
    |

E402 Module level import not at top of file
   --> ClassicLib\ScanLog\__init__.py:121:1
    |
119 |       detect_mods_single as detect_mods_single,
120 |   )
121 | / from ClassicLib.scanning.logs import (
122 | |     ensure_directory_exists as ensure_directory_exists,
123 | | )
    | |_^
124 |   from ClassicLib.scanning.logs import (
125 |       extract_module_names as extract_module_names,
    |

E402 Module level import not at top of file
   --> ClassicLib\ScanLog\__init__.py:124:1
    |
122 |       ensure_directory_exists as ensure_directory_exists,
123 |   )
124 | / from ClassicLib.scanning.logs import (
125 | |     extract_module_names as extract_module_names,
126 | | )
    | |_^
127 |   from ClassicLib.scanning.logs import (
128 |       extract_segments as extract_segments,
    |

E402 Module level import not at top of file
   --> ClassicLib\ScanLog\__init__.py:127:1
    |
125 |       extract_module_names as extract_module_names,
126 |   )
127 | / from ClassicLib.scanning.logs import (
128 | |     extract_segments as extract_segments,
129 | | )
    | |_^
130 |   from ClassicLib.scanning.logs import (
131 |       find_segments as find_segments,
    |

E402 Module level import not at top of file
   --> ClassicLib\ScanLog\__init__.py:130:1
    |
128 |       extract_segments as extract_segments,
129 |   )
130 | / from ClassicLib.scanning.logs import (
131 | |     find_segments as find_segments,
132 | | )
    | |_^
133 |   from ClassicLib.scanning.logs import (
134 |       get_entry as get_entry,
    |

E402 Module level import not at top of file
   --> ClassicLib\ScanLog\__init__.py:133:1
    |
131 |       find_segments as find_segments,
132 |   )
133 | / from ClassicLib.scanning.logs import (
134 | |     get_entry as get_entry,
135 | | )
    | |_^
136 |   from ClassicLib.scanning.logs import (
137 |       get_gpu_info as get_gpu_info,
    |

E402 Module level import not at top of file
   --> ClassicLib\ScanLog\__init__.py:136:1
    |
134 |       get_entry as get_entry,
135 |   )
136 | / from ClassicLib.scanning.logs import (
137 | |     get_gpu_info as get_gpu_info,
138 | | )
    | |_^
139 |   from ClassicLib.scanning.logs import (
140 |       get_path_from_setting as get_path_from_setting,
    |

E402 Module level import not at top of file
   --> ClassicLib\ScanLog\__init__.py:139:1
    |
137 |       get_gpu_info as get_gpu_info,
138 |   )
139 | / from ClassicLib.scanning.logs import (
140 | |     get_path_from_setting as get_path_from_setting,
141 | | )
    | |_^
142 |   from ClassicLib.scanning.logs import (
143 |       is_valid_custom_scan_path as is_valid_custom_scan_path,
    |

E402 Module level import not at top of file
   --> ClassicLib\ScanLog\__init__.py:142:1
    |
140 |       get_path_from_setting as get_path_from_setting,
141 |   )
142 | / from ClassicLib.scanning.logs import (
143 | |     is_valid_custom_scan_path as is_valid_custom_scan_path,
144 | | )
    | |_^
145 |   from ClassicLib.scanning.logs import (
146 |       move_files as move_files,
    |

E402 Module level import not at top of file
   --> ClassicLib\ScanLog\__init__.py:145:1
    |
143 |       is_valid_custom_scan_path as is_valid_custom_scan_path,
144 |   )
145 | / from ClassicLib.scanning.logs import (
146 | |     move_files as move_files,
147 | | )
    | |_^
148 |   from ClassicLib.scanning.logs import (
149 |       move_unsolved_logs as move_unsolved_logs,
    |

E402 Module level import not at top of file
   --> ClassicLib\ScanLog\__init__.py:148:1
    |
146 |       move_files as move_files,
147 |   )
148 | / from ClassicLib.scanning.logs import (
149 | |     move_unsolved_logs as move_unsolved_logs,
150 | | )
    | |_^
151 |   from ClassicLib.scanning.logs import (
152 |       parse_crash_header as parse_crash_header,
    |

E402 Module level import not at top of file
   --> ClassicLib\ScanLog\__init__.py:151:1
    |
149 |       move_unsolved_logs as move_unsolved_logs,
150 |   )
151 | / from ClassicLib.scanning.logs import (
152 | |     parse_crash_header as parse_crash_header,
153 | | )
    | |_^
154 |   from ClassicLib.scanning.logs import (
155 |       reformat_single_log_async as reformat_single_log_async,
    |

E402 Module level import not at top of file
   --> ClassicLib\ScanLog\__init__.py:154:1
    |
152 |       parse_crash_header as parse_crash_header,
153 |   )
154 | / from ClassicLib.scanning.logs import (
155 | |     reformat_single_log_async as reformat_single_log_async,
156 | | )
    | |_^
157 |   from ClassicLib.scanning.logs import (
158 |       write_file_async as write_file_async,
    |

E402 Module level import not at top of file
   --> ClassicLib\ScanLog\__init__.py:157:1
    |
155 |       reformat_single_log_async as reformat_single_log_async,
156 |   )
157 | / from ClassicLib.scanning.logs import (
158 | |     write_file_async as write_file_async,
159 | | )
    | |_^
160 |   from ClassicLib.scanning.logs import (
161 |       write_report_to_file as write_report_to_file,
    |

E402 Module level import not at top of file
   --> ClassicLib\ScanLog\__init__.py:160:1
    |
158 |       write_file_async as write_file_async,
159 |   )
160 | / from ClassicLib.scanning.logs import (
161 | |     write_report_to_file as write_report_to_file,
162 | | )
    | |_^
163 |   from ClassicLib.scanning.logs import (
164 |       write_report_to_file_async as write_report_to_file_async,
    |

E402 Module level import not at top of file
   --> ClassicLib\ScanLog\__init__.py:163:1
    |
161 |       write_report_to_file as write_report_to_file,
162 |   )
163 | / from ClassicLib.scanning.logs import (
164 | |     write_report_to_file_async as write_report_to_file_async,
165 | | )
    | |_^
    |

E402 Module level import not at top of file
  --> ClassicLib\VersionRegistry\__init__.py:22:1
   |
20 |       AddressLibraryConfig as AddressLibraryConfig,
21 |   )
22 | / from ClassicLib.support.versions import (
23 | |     CompatibleRange as CompatibleRange,
24 | | )
   | |_^
25 |   from ClassicLib.support.versions import (
26 |       CrashgenConfig as CrashgenConfig,
   |

E402 Module level import not at top of file
  --> ClassicLib\VersionRegistry\__init__.py:25:1
   |
23 |       CompatibleRange as CompatibleRange,
24 |   )
25 | / from ClassicLib.support.versions import (
26 | |     CrashgenConfig as CrashgenConfig,
27 | | )
   | |_^
28 |   from ClassicLib.support.versions import (
29 |       CrashgenVersionResult as CrashgenVersionResult,
   |

E402 Module level import not at top of file
  --> ClassicLib\VersionRegistry\__init__.py:28:1
   |
26 |       CrashgenConfig as CrashgenConfig,
27 |   )
28 | / from ClassicLib.support.versions import (
29 | |     CrashgenVersionResult as CrashgenVersionResult,
30 | | )
   | |_^
31 |   from ClassicLib.support.versions import (
32 |       CrashgenVersionStatus as CrashgenVersionStatus,
   |

E402 Module level import not at top of file
  --> ClassicLib\VersionRegistry\__init__.py:31:1
   |
29 |       CrashgenVersionResult as CrashgenVersionResult,
30 |   )
31 | / from ClassicLib.support.versions import (
32 | |     CrashgenVersionStatus as CrashgenVersionStatus,
33 | | )
   | |_^
34 |   from ClassicLib.support.versions import (
35 |       MatchConfidence as MatchConfidence,
   |

E402 Module level import not at top of file
  --> ClassicLib\VersionRegistry\__init__.py:34:1
   |
32 |       CrashgenVersionStatus as CrashgenVersionStatus,
33 |   )
34 | / from ClassicLib.support.versions import (
35 | |     MatchConfidence as MatchConfidence,
36 | | )
   | |_^
37 |   from ClassicLib.support.versions import (
38 |       MatchResult as MatchResult,
   |

E402 Module level import not at top of file
  --> ClassicLib\VersionRegistry\__init__.py:37:1
   |
35 |       MatchConfidence as MatchConfidence,
36 |   )
37 | / from ClassicLib.support.versions import (
38 | |     MatchResult as MatchResult,
39 | | )
   | |_^
40 |   from ClassicLib.support.versions import (
41 |       UnknownVersionHandling as UnknownVersionHandling,
   |

E402 Module level import not at top of file
  --> ClassicLib\VersionRegistry\__init__.py:40:1
   |
38 |       MatchResult as MatchResult,
39 |   )
40 | / from ClassicLib.support.versions import (
41 | |     UnknownVersionHandling as UnknownVersionHandling,
42 | | )
   | |_^
43 |   from ClassicLib.support.versions import (
44 |       VersionInfo as VersionInfo,
   |

E402 Module level import not at top of file
  --> ClassicLib\VersionRegistry\__init__.py:43:1
   |
41 |       UnknownVersionHandling as UnknownVersionHandling,
42 |   )
43 | / from ClassicLib.support.versions import (
44 | |     VersionInfo as VersionInfo,
45 | | )
   | |_^
46 |   from ClassicLib.support.versions import (
47 |       VersionMatcher as VersionMatcher,
   |

E402 Module level import not at top of file
  --> ClassicLib\VersionRegistry\__init__.py:46:1
   |
44 |       VersionInfo as VersionInfo,
45 |   )
46 | / from ClassicLib.support.versions import (
47 | |     VersionMatcher as VersionMatcher,
48 | | )
   | |_^
49 |   from ClassicLib.support.versions import (
50 |       VersionRegistry as VersionRegistry,
   |

E402 Module level import not at top of file
  --> ClassicLib\VersionRegistry\__init__.py:49:1
   |
47 |       VersionMatcher as VersionMatcher,
48 |   )
49 | / from ClassicLib.support.versions import (
50 | |     VersionRegistry as VersionRegistry,
51 | | )
   | |_^
52 |   from ClassicLib.support.versions import (
53 |       XseConfig as XseConfig,
   |

E402 Module level import not at top of file
  --> ClassicLib\VersionRegistry\__init__.py:52:1
   |
50 |       VersionRegistry as VersionRegistry,
51 |   )
52 | / from ClassicLib.support.versions import (
53 | |     XseConfig as XseConfig,
54 | | )
   | |_^
55 |   from ClassicLib.support.versions import (
56 |       check_crashgen_version as check_crashgen_version,
   |

E402 Module level import not at top of file
  --> ClassicLib\VersionRegistry\__init__.py:55:1
   |
53 |       XseConfig as XseConfig,
54 |   )
55 | / from ClassicLib.support.versions import (
56 | |     check_crashgen_version as check_crashgen_version,
57 | | )
   | |_^
58 |   from ClassicLib.support.versions import (
59 |       check_crashgen_version_for_detected_game as check_crashgen_version_for_detected_game,
   |

E402 Module level import not at top of file
  --> ClassicLib\VersionRegistry\__init__.py:58:1
   |
56 |       check_crashgen_version as check_crashgen_version,
57 |   )
58 | / from ClassicLib.support.versions import (
59 | |     check_crashgen_version_for_detected_game as check_crashgen_version_for_detected_game,
60 | | )
   | |_^
61 |   from ClassicLib.support.versions import (
62 |       get_detected_version_info as get_detected_version_info,
   |

E402 Module level import not at top of file
  --> ClassicLib\VersionRegistry\__init__.py:61:1
   |
59 |       check_crashgen_version_for_detected_game as check_crashgen_version_for_detected_game,
60 |   )
61 | / from ClassicLib.support.versions import (
62 | |     get_detected_version_info as get_detected_version_info,
63 | | )
   | |_^
64 |   from ClassicLib.support.versions import (
65 |       get_matching_crashgen_config as get_matching_crashgen_config,
   |

E402 Module level import not at top of file
  --> ClassicLib\VersionRegistry\__init__.py:64:1
   |
62 |       get_detected_version_info as get_detected_version_info,
63 |   )
64 | / from ClassicLib.support.versions import (
65 | |     get_matching_crashgen_config as get_matching_crashgen_config,
66 | | )
   | |_^
67 |   from ClassicLib.support.versions import (
68 |       get_version_registry as get_version_registry,
   |

E402 Module level import not at top of file
  --> ClassicLib\VersionRegistry\__init__.py:67:1
   |
65 |       get_matching_crashgen_config as get_matching_crashgen_config,
66 |   )
67 | / from ClassicLib.support.versions import (
68 | |     get_version_registry as get_version_registry,
69 | | )
   | |_^
   |

PLW0603 Using the global statement to update `_PyReportFragment` is discouraged
  --> ClassicLib\integration\rust\report\composer.py:20:12
   |
18 | def _get_py_report_fragment() -> type:
19 |     """Lazily import PyReportFragment to avoid circular imports."""
20 |     global _PyReportFragment
   |            ^^^^^^^^^^^^^^^^^
21 |     if _PyReportFragment is None:
22 |         from ClassicLib.scanning.logs.reporting.report_fragment import ReportFragment
   |

PLW0603 Using the global statement to update `_PyReportComposer` is discouraged
  --> ClassicLib\integration\rust\report\composer.py:30:12
   |
28 | def _get_py_report_composer() -> type:
29 |     """Lazily import PyReportComposer to avoid circular imports."""
30 |     global _PyReportComposer
   |            ^^^^^^^^^^^^^^^^^
31 |     if _PyReportComposer is None:
32 |         from ClassicLib.scanning.logs.reporting.section_composer import ReportComposer
   |

PLW0603 Using the global statement to update `_PyReportFragment` is discouraged
  --> ClassicLib\integration\rust\report\fragment.py:19:12
   |
17 | def _get_py_report_fragment() -> type:
18 |     """Lazily import PyReportFragment to avoid circular imports."""
19 |     global _PyReportFragment
   |            ^^^^^^^^^^^^^^^^^
20 |     if _PyReportFragment is None:
21 |         from ClassicLib.scanning.logs.reporting.report_fragment import ReportFragment
   |

PLW0603 Using the global statement to update `_PyReportFragment` is discouraged
  --> ClassicLib\integration\rust\report\generator.py:20:12
   |
18 | def _get_py_report_fragment() -> type:
19 |     """Lazily import PyReportFragment to avoid circular imports."""
20 |     global _PyReportFragment
   |            ^^^^^^^^^^^^^^^^^
21 |     if _PyReportFragment is None:
22 |         from ClassicLib.scanning.logs.reporting.report_fragment import ReportFragment
   |

PLW0603 Using the global statement to update `_PyReportGenerator` is discouraged
  --> ClassicLib\integration\rust\report\generator.py:30:12
   |
28 | def _get_py_report_generator() -> type:
29 |     """Lazily import PyReportGenerator to avoid circular imports."""
30 |     global _PyReportGenerator
   |            ^^^^^^^^^^^^^^^^^^
31 |     if _PyReportGenerator is None:
32 |         from ClassicLib.scanning.logs.reporting.report_generator_functional import ReportGeneratorFunctional
   |

PLW0603 Using the global statement to update `_PyReportFragment` is discouraged
  --> ClassicLib\integration\rust\report\parallel.py:19:12
   |
17 | def _get_py_report_fragment() -> type:
18 |     """Lazily import PyReportFragment to avoid circular imports."""
19 |     global _PyReportFragment
   |            ^^^^^^^^^^^^^^^^^
20 |     if _PyReportFragment is None:
21 |         from ClassicLib.scanning.logs.reporting.report_fragment import ReportFragment
   |

E402 Module level import not at top of file
   --> ClassicLib\io\yaml\async_\core.py:466:1
    |
464 | # This prevents the issue where asyncio.Lock created at module level
465 | # gets bound to a different event loop than where it's used
466 | import threading
    | ^^^^^^^^^^^^^^^^
467 |
468 | _core_lock_threading = threading.Lock()
    |

PLW0603 Using the global statement to update `_core_lock` is discouraged
   --> ClassicLib\io\yaml\async_\core.py:478:12
    |
476 |     preventing deadlocks when AsyncBridge runs coroutines in its background thread.
477 |     """
478 |     global _core_lock
    |            ^^^^^^^^^^
479 |     if _core_lock is None:
480 |         with _core_lock_threading:
    |

TRY301 Abstract `raise` to an inner function
   --> ClassicLib\io\yaml\sync\cache.py:128:13
    |
126 | …             "Cannot call sync methods from async context. Use async methods (e.g., load_yaml_async, batch_get_settings_async) inste…
127 | …         )
128 | …         raise RuntimeError(msg)
    |           ^^^^^^^^^^^^^^^^^^^^^^^
129 | …     except RuntimeError as e:
130 | …         # Check if this is our own exception or the "no running loop" exception
    |

PLW0603 Using the global statement to update `_ALL_ADDRESS_LIB_INFO_CACHE` is discouraged
  --> ClassicLib\scanning\game\check_xse_plugins.py:89:12
   |
87 |     Returns cached result or computes on first access.
88 |     """
89 |     global _ALL_ADDRESS_LIB_INFO_CACHE
   |            ^^^^^^^^^^^^^^^^^^^^^^^^^^^
90 |     if _ALL_ADDRESS_LIB_INFO_CACHE is None:
91 |         _ALL_ADDRESS_LIB_INFO_CACHE = get_all_address_lib_info()
   |

ANN204 Missing return type annotation for special method `__iter__`
   --> ClassicLib\scanning\game\check_xse_plugins.py:104:9
    |
102 |         return key in _get_all_address_lib_info_lazy()
103 |
104 |     def __iter__(self):
    |         ^^^^^^^^
105 |         return iter(_get_all_address_lib_info_lazy())
    |
help: Add return type annotation

ANN202 Missing return type annotation for private function `keys`
   --> ClassicLib\scanning\game\check_xse_plugins.py:107:9
    |
105 |         return iter(_get_all_address_lib_info_lazy())
106 |
107 |     def keys(self):
    |         ^^^^
108 |         return _get_all_address_lib_info_lazy().keys()
    |
help: Add return type annotation

PLR6301 Method `keys` could be a function, class method, or static method
   --> ClassicLib\scanning\game\check_xse_plugins.py:107:9
    |
105 |         return iter(_get_all_address_lib_info_lazy())
106 |
107 |     def keys(self):
    |         ^^^^
108 |         return _get_all_address_lib_info_lazy().keys()
    |
help: Consider adding `@typing.override` if this method overrides a method from a superclass

ANN202 Missing return type annotation for private function `values`
   --> ClassicLib\scanning\game\check_xse_plugins.py:110:9
    |
108 |         return _get_all_address_lib_info_lazy().keys()
109 |
110 |     def values(self):
    |         ^^^^^^
111 |         return _get_all_address_lib_info_lazy().values()
    |
help: Add return type annotation

PLR6301 Method `values` could be a function, class method, or static method
   --> ClassicLib\scanning\game\check_xse_plugins.py:110:9
    |
108 |         return _get_all_address_lib_info_lazy().keys()
109 |
110 |     def values(self):
    |         ^^^^^^
111 |         return _get_all_address_lib_info_lazy().values()
    |
help: Consider adding `@typing.override` if this method overrides a method from a superclass

ANN202 Missing return type annotation for private function `items`
   --> ClassicLib\scanning\game\check_xse_plugins.py:113:9
    |
111 |         return _get_all_address_lib_info_lazy().values()
112 |
113 |     def items(self):
    |         ^^^^^
114 |         return _get_all_address_lib_info_lazy().items()
    |
help: Add return type annotation

PLR6301 Method `items` could be a function, class method, or static method
   --> ClassicLib\scanning\game\check_xse_plugins.py:113:9
    |
111 |         return _get_all_address_lib_info_lazy().values()
112 |
113 |     def items(self):
    |         ^^^^^
114 |         return _get_all_address_lib_info_lazy().items()
    |
help: Consider adding `@typing.override` if this method overrides a method from a superclass

ANN202 Missing return type annotation for private function `get`
   --> ClassicLib\scanning\game\check_xse_plugins.py:116:9
    |
114 |         return _get_all_address_lib_info_lazy().items()
115 |
116 |     def get(self, key: str, default=None):
    |         ^^^
117 |         return _get_all_address_lib_info_lazy().get(key, default)
    |
help: Add return type annotation

PLR6301 Method `get` could be a function, class method, or static method
   --> ClassicLib\scanning\game\check_xse_plugins.py:116:9
    |
114 |         return _get_all_address_lib_info_lazy().items()
115 |
116 |     def get(self, key: str, default=None):
    |         ^^^
117 |         return _get_all_address_lib_info_lazy().get(key, default)
    |
help: Consider adding `@typing.override` if this method overrides a method from a superclass

ANN001 Missing type annotation for function argument `default`
   --> ClassicLib\scanning\game\check_xse_plugins.py:116:29
    |
114 |         return _get_all_address_lib_info_lazy().items()
115 |
116 |     def get(self, key: str, default=None):
    |                             ^^^^^^^
117 |         return _get_all_address_lib_info_lazy().get(key, default)
    |

ANN202 Missing return type annotation for private function `_get_report_fragment`
  --> ClassicLib\scanning\logs\detect_mods.py:24:5
   |
24 | def _get_report_fragment():
   |     ^^^^^^^^^^^^^^^^^^^^
25 |     """Lazy import ReportFragment to avoid circular dependency."""
26 |     from ClassicLib.integration.rust.report_rust import ReportFragment
   |
help: Add return type annotation

BLE001 Do not catch blind exception: `Exception`
  --> ClassicLib\scanning\logs\util_legacy.py:24:8
   |
22 |             + "\n"
23 |         )
24 | except Exception:
   |        ^^^^^^^^^
25 |     pass
26 | # #endregion
   |

BLE001 Do not catch blind exception: `Exception`
  --> ClassicLib\scanning\logs\util_legacy.py:52:8
   |
50 |             + "\n"
51 |         )
52 | except Exception:
   |        ^^^^^^^^^
53 |     pass
54 | # #endregion
   |

Found 128 errors.
